// Jest Snapshot v1, https://goo.gl/fbAQLP

exports[`<PluginDetails /> should match snapshot 1`] = `
<div
  class="flex 2xl:grid 2xl:justify-center p-6 md:p-14 2xl:px-0 2xl:gap-14 2xl:grid-cols-napari-2-col 3xl:grid-cols-napari-3-col"
  data-testid="pluginDetails"
>
  <div
    class="fresnel-container fresnel-greaterThanOrEqual-3xl "
  >
    <div
      class="flex flex-col xl:grid xl:grid-cols-[1fr,1fr,1fr] 3xl:flex"
      id="pluginMetadata"
    >
      <ul
        class="list-none"
      >
        <li
          class="mb-4 text-sm"
        >
          <h4
            class="inline 3xl:block font-bold whitespace-nowrap mr-2 3xl:m-0"
          >
            Version
            :
          </h4>
          <ul
            class="fresnel-greaterThanOrEqual-3xl list-none"
          >
            <li
              class="my-2 last:mb-0"
            >
              0.0.2
            </li>
          </ul>
        </li>
        <li
          class="mb-4 text-sm"
        >
          <h4
            class="inline 3xl:block font-bold whitespace-nowrap mr-2 3xl:m-0"
          >
            Release date
            :
          </h4>
          <ul
            class="fresnel-greaterThanOrEqual-3xl list-none"
          >
            <li
              class="my-2 last:mb-0"
            >
              03 March 2021
            </li>
          </ul>
        </li>
        <li
          class="mb-4 text-sm"
        >
          <h4
            class="inline 3xl:block font-bold whitespace-nowrap mr-2 3xl:m-0"
          >
            First released
            :
          </h4>
          <ul
            class="fresnel-greaterThanOrEqual-3xl list-none"
          >
            <li
              class="my-2 last:mb-0"
            >
              22 February 2021
            </li>
          </ul>
        </li>
        <li
          class="mb-4 text-sm"
        >
          <h4
            class="inline 3xl:block font-bold whitespace-nowrap mr-2 3xl:m-0"
          >
            Development status
            :
          </h4>
          <ul
            class="fresnel-greaterThanOrEqual-3xl list-none"
          >
            <li
              class="my-2 last:mb-0"
            >
              4 - Beta
            </li>
          </ul>
        </li>
        <li
          class="mb-4 text-sm"
        >
          <h4
            class="inline 3xl:block font-bold whitespace-nowrap mr-2 3xl:m-0"
          >
            License
            :
          </h4>
          <ul
            class="fresnel-greaterThanOrEqual-3xl list-none"
          >
            <li
              class="my-2 last:mb-0"
            >
              MIT
            </li>
          </ul>
        </li>
      </ul>
      <div
        class="fresnel-greaterThanOrEqual-3xl my-6 h-px bg-black border-none"
      />
      <div
        class="flex flex-col items-start xl:items-center 2xl:items-start text-sm"
      >
        <h4
          class="font-bold"
        >
          Github Activity
        </h4>
        <ul
          class="list-none"
        >
          <li
            class="my-2"
          >
            Stars
            : 
            <span
              class="font-bold"
            >
              0
            </span>
          </li>
          <li
            class="my-2"
          >
            Forks
            : 
            <span
              class="font-bold"
            >
              0
            </span>
          </li>
          <li
            class="my-2"
          >
            Issues + PRs
            : 
            <span
              class="font-bold"
            >
              0
            </span>
          </li>
        </ul>
      </div>
      <div
        class="fresnel-greaterThanOrEqual-3xl my-6 h-px bg-black border-none"
      />
      <ul
        class="list-none"
      >
        <li
          class="mb-4 text-sm"
        >
          <h4
            class="inline 3xl:block font-bold whitespace-nowrap mr-2 3xl:m-0"
          >
            Python versions supported
            :
          </h4>
          <ul
            class="fresnel-greaterThanOrEqual-3xl list-none"
          >
            <li
              class="my-2 last:mb-0"
            >
              &gt;=3.6
            </li>
          </ul>
        </li>
        <li
          class="mb-4 text-sm"
        >
          <h4
            class="inline 3xl:block font-bold whitespace-nowrap mr-2 3xl:m-0"
          >
            Operating system
            :
          </h4>
          <ul
            class="fresnel-greaterThanOrEqual-3xl list-none"
          >
            <li
              class="my-2 last:mb-0"
            >
              OS Independent
            </li>
          </ul>
        </li>
        <li
          class="mb-4 text-sm"
        >
          <h4
            class="inline 3xl:block font-bold whitespace-nowrap mr-2 3xl:m-0"
          >
            Requirements
            :
          </h4>
          <ul
            class="fresnel-greaterThanOrEqual-3xl list-none"
          >
            <li
              class="my-2 last:mb-0"
            >
              napari-plugin-engine (&gt;=0.1.4)
            </li>
            <li
              class="my-2 last:mb-0"
            >
              numpy
            </li>
            <li
              class="my-2 last:mb-0"
            >
              zarr
            </li>
            <li
              class="my-2 last:mb-0"
            >
              dask[complete]
            </li>
          </ul>
        </li>
      </ul>
    </div>
  </div>
  <article
    class="w-full"
  >
    <h1
      class="font-bold text-4xl"
    >
      napari-compressed-labels-io
    </h1>
    <h2
      class="font-semibold my-6 text-lg"
    >
      Plugin exploring different options for reading and writing compressed and portable labels layers in napari.
    </h2>
    <div
      class="fresnel-container fresnel-lessThan-3xl flex flex-col lg:flex-row lg:items-center my-6 md:my-12"
    >
      <div
        class="absolute min-w-napari-xs"
      />
      <button
        class="fresnel-lessThan-2xl bg-napari-primary 2xl:fixed h-12 w-full lg:max-w-napari-side-col"
        type="button"
      >
        Install
      </button>
      <a
        class="underline hover:text-napari-primary mt-6 md:mt-12 lg:mt-0 lg:ml-12 2xl:ml-0"
        href="#pluginMetadata"
      >
        View project data
      </a>
    </div>
    <div
      class="mb-10 markdown prose max-w-none"
    >
      

      <p>
        <a
          href="https://github.com/DragaDoncila/napari-compressed-labels-io/raw/master/LICENSE"
        >
          <img
            alt="License"
            src="https://img.shields.io/pypi/l/napari-compressed-labels-io.svg?color=green"
          />
        </a>
        

        <a
          href="https://pypi.org/project/napari-compressed-labels-io"
        >
          <img
            alt="PyPI"
            src="https://img.shields.io/pypi/v/napari-compressed-labels-io.svg?color=green"
          />
        </a>
        

        <a
          href="https://python.org"
        >
          <img
            alt="Python Version"
            src="https://img.shields.io/pypi/pyversions/napari-compressed-labels-io.svg?color=green"
          />
        </a>
        

        <a
          href="https://github.com/DragaDoncila/napari-compressed-labels-io/actions"
        >
          <img
            alt="tests"
            src="https://github.com/DragaDoncila/napari-compressed-labels-io/workflows/tests/badge.svg"
          />
        </a>
        

        <a
          href="https://codecov.io/gh/DragaDoncila/napari-compressed-labels-io"
        >
          <img
            alt="codecov"
            src="https://codecov.io/gh/DragaDoncila/napari-compressed-labels-io/branch/master/graph/badge.svg"
          />
        </a>
      </p>
      

      <h2
        id="description"
      >
        Description
      </h2>
      

      <p>
        This napari plugin provides readers and writers for labels and their corresponding image layers into zarr format for compression and portability. Each reader/writer pair supports a round trip of saving and loading image and labels layers.
      </p>
      

      <h2
        id="writers"
      >
        Writers
      </h2>
      

      <p>
        Two writers are provided by this plugin, each with its own reader.
      </p>
      

      <h3
        id="labels_to_zarr"
      >
        <code
          node="[object Object]"
        >
          labels_to_zarr
        </code>
      </h3>
      

      <p>
        This writer is an alternative to napari's default label writer and will write an entire labels layer, regardless of its dimensions, into a single zarr file. This writer provides the best compression option and its associated reader 
        <code
          node="[object Object]"
        >
          get_zarr_labels
        </code>
         will read the layer back into napari.
      </p>
      

      <p>
        This writer will be called when the user tries to save a selected labels layer into a path ending with .zarr
      </p>
      

      <h3
        id="label_image_pairs_to_zarr"
      >
        <code
          node="[object Object]"
        >
          label_image_pairs_to_zarr
        </code>
      </h3>
      

      <p>
        This writer will save 3-dimensional labels and image layers from the viewer into individual zarrs for portability and convenience. For example, given one labels and one image layer of the shape (10, 200, 200) saved to my_stacks.zarr, 10 subdirectories will be created, each with two zarrs inside of shape (200, 200) corresponding to the labels and image layer.
      </p>
      

      <p>
        This writer allows users to load stacks of associated images, label them, and then quickly save these stacks out into individual slices for easy loading, viewing and interaction. Its associated reader supports the loading into napari of the whole stack, all layers at one slice of the stack, and an individual layer of a given slice of the stack.
      </p>
      

      <p>
        The writer currently supports only 3D layers, with the exception of RGB images of the form (z, y, x, 3), which are also supported.
      </p>
      

      <h2
        id="readers"
      >
        Readers
      </h2>
      

      <p>
        Two readers are provided by this plugin for loading the formats saved by each writer. These are detailed below.
      </p>
      

      <h3
        id="get_zarr_labels"
      >
        <code
          node="[object Object]"
        >
          get_zarr_labels
        </code>
      </h3>
      

      <p>
        This reader will open any zarr file with a .zarray at the top level in 
        <code
          node="[object Object]"
        >
          path
        </code>
         as a labels layer. This is to be used in conjunction with 
        <code
          node="[object Object]"
        >
          labels_to_zarr
        </code>
        .
      </p>
      

      <h3
        id="get_label_image_stack"
      >
        <code
          node="[object Object]"
        >
          get_label_image_stack
        </code>
      </h3>
      

      <p>
        This reader will open any zarr containing a 
        <code
          node="[object Object]"
        >
          .zmeta
        </code>
         file as layers into napari. Depending on what is being opened, the reader will either load a full stack of labels and images, one slice of a stack of images and labels or an individual layer within a slice. This is to be used in conjunction with 
        <code
          node="[object Object]"
        >
          label_image_pairs_to_zarr
        </code>
        .
      </p>
      

      <h2
        id="zmeta"
      >
        .zmeta
      </h2>
      

      <p>
        This metadata file contains information about the layer types in the stack and in each individual slice, as well as the number of image/label slices. This allows the reader plugin to load the correct layer types with appropriate names both at a stack level and at the individual slice level.
      </p>
      

      <h3
        id="an-example-zmeta-specification"
      >
        An example .zmeta specification
      </h3>
      

      <pre>
        <code
          language="json"
          node="[object Object]"
        >
          {
    "meta": {
        "stack": 7                               # number of slices in the entire stack (1 for an individual slice, 0 for a layer within a slice)
    },
    "data": {
        "image" : [                              # all image layers must be listed here
            {
                "name": "leaves_example_data",
                "shape": [790, 790, 3],
                "dtype": "uint8",
                "rgb": true                      # where rgb is false the image will be loaded as greyscale (colormap support has not yet been implemented)
            }
        ],
        "labels" : [
            {
                "name": "oak",
                "shape": [790, 790],
                "dtype": "int64"
            },
            {
                "name": "bg",
                "shape": [790, 790],
                "dtype": "int64"
            }
        ]
    }
}

        </code>
      </pre>
      

      <hr />
      

      <p>
        This 
        <a
          href="https://github.com/napari/napari"
        >
          napari
        </a>
         plugin was generated with 
        <a
          href="https://github.com/audreyr/cookiecutter"
        >
          Cookiecutter
        </a>
         using with 
        <a
          href="https://github.com/napari"
        >
          @napari
        </a>
        's 
        <a
          href="https://github.com/napari/cookiecutter-napari-plugin"
        >
          cookiecutter-napari-plugin
        </a>
         template.
      </p>
      

      <h2
        id="installation"
      >
        Installation
      </h2>
      

      <p>
        You can install 
        <code
          node="[object Object]"
        >
          napari-compressed-labels-io
        </code>
         via 
        <a
          href="https://pypi.org/project/pip/"
        >
          pip
        </a>
        :
      </p>
      

      <pre>
        <code
          language=""
          node="[object Object]"
        >
          pip install napari-compressed-labels-io
        </code>
      </pre>
      

      <h2
        id="contributing"
      >
        Contributing
      </h2>
      

      <p>
        Contributions are very welcome. Tests can be run with 
        <a
          href="https://tox.readthedocs.io/en/latest/"
        >
          tox
        </a>
        , please ensure
the coverage at least stays the same before you submit a pull request.
      </p>
      

      <h2
        id="license"
      >
        License
      </h2>
      

      <p>
        Distributed under the terms of the 
        <a
          href="http://opensource.org/licenses/MIT"
        >
          MIT
        </a>
         license,
"napari-compressed-labels-io" is free and open source software
      </p>
      

      <h2
        id="issues"
      >
        Issues
      </h2>
      

      <p>
        If you encounter any problems, please 
        <a
          href="https://github.com/DragaDoncila/napari-compressed-labels-io/issues"
        >
          file an issue
        </a>
         along with a detailed description.
      </p>
    </div>
    <div
      class="fresnel-lessThan-3xl flex flex-col xl:grid xl:grid-cols-[1fr,1fr,1fr] 3xl:flex"
      id="pluginMetadata"
    >
      <ul
        class="list-none"
      >
        <li
          class="mb-4 text-sm"
        >
          <h4
            class="inline 3xl:block font-bold whitespace-nowrap mr-2 3xl:m-0"
          >
            Version
            :
          </h4>
          <p
            class="fresnel-lessThan-3xl inline"
          >
            0.0.2
          </p>
        </li>
        <li
          class="mb-4 text-sm"
        >
          <h4
            class="inline 3xl:block font-bold whitespace-nowrap mr-2 3xl:m-0"
          >
            Release date
            :
          </h4>
          <p
            class="fresnel-lessThan-3xl inline"
          >
            03 March 2021
          </p>
        </li>
        <li
          class="mb-4 text-sm"
        >
          <h4
            class="inline 3xl:block font-bold whitespace-nowrap mr-2 3xl:m-0"
          >
            First released
            :
          </h4>
          <p
            class="fresnel-lessThan-3xl inline"
          >
            22 February 2021
          </p>
        </li>
        <li
          class="mb-4 text-sm"
        >
          <h4
            class="inline 3xl:block font-bold whitespace-nowrap mr-2 3xl:m-0"
          >
            Development status
            :
          </h4>
          <p
            class="fresnel-lessThan-3xl inline"
          >
            4 - Beta
          </p>
        </li>
        <li
          class="mb-4 text-sm"
        >
          <h4
            class="inline 3xl:block font-bold whitespace-nowrap mr-2 3xl:m-0"
          >
            License
            :
          </h4>
          <p
            class="fresnel-lessThan-3xl inline"
          >
            MIT
          </p>
        </li>
      </ul>
      <div
        class="fresnel-lessThan-xl my-6 h-px bg-black border-none"
      />
      <div
        class="flex flex-col items-start xl:items-center 2xl:items-start text-sm"
      >
        <h4
          class="font-bold"
        >
          Github Activity
        </h4>
        <ul
          class="list-none"
        >
          <li
            class="my-2"
          >
            Stars
            : 
            <span
              class="font-bold"
            >
              0
            </span>
          </li>
          <li
            class="my-2"
          >
            Forks
            : 
            <span
              class="font-bold"
            >
              0
            </span>
          </li>
          <li
            class="my-2"
          >
            Issues + PRs
            : 
            <span
              class="font-bold"
            >
              0
            </span>
          </li>
        </ul>
      </div>
      <div
        class="fresnel-lessThan-xl my-6 h-px bg-black border-none"
      />
      <ul
        class="list-none"
      >
        <li
          class="mb-4 text-sm"
        >
          <h4
            class="inline 3xl:block font-bold whitespace-nowrap mr-2 3xl:m-0"
          >
            Python versions supported
            :
          </h4>
          <p
            class="fresnel-lessThan-3xl inline"
          >
            &gt;=3.6
          </p>
        </li>
        <li
          class="mb-4 text-sm"
        >
          <h4
            class="inline 3xl:block font-bold whitespace-nowrap mr-2 3xl:m-0"
          >
            Operating system
            :
          </h4>
          <p
            class="fresnel-lessThan-3xl inline"
          >
            OS Independent
          </p>
        </li>
        <li
          class="mb-4 text-sm"
        >
          <h4
            class="inline 3xl:block font-bold whitespace-nowrap mr-2 3xl:m-0"
          >
            Requirements
            :
          </h4>
          <p
            class="fresnel-lessThan-3xl inline"
          >
            napari-plugin-engine (&gt;=0.1.4), numpy, zarr, dask[complete]
          </p>
        </li>
      </ul>
    </div>
  </article>
  <div
    class="fresnel-container fresnel-greaterThanOrEqual-2xl "
  >
    <div
      class="absolute min-w-napari-xs"
    />
    <button
      class="bg-napari-primary 2xl:fixed h-12 w-full lg:max-w-napari-side-col"
      type="button"
    >
      Install
    </button>
    <ul
      class="fixed flex mt-24 flex flex-col border-l border-black"
    >
      <li
        class="flex pl-6 h-6 border-l-4 my-2 first:mt-0 last:mb-0 transition-colors hover:border-napari-primary border-transparent"
        data-active="false"
        data-testid="tocItem"
      >
        <a
          class=""
          href="#description"
        >
          Description
        </a>
      </li>
      <li
        class="flex pl-6 h-6 border-l-4 my-2 first:mt-0 last:mb-0 transition-colors hover:border-napari-primary border-transparent"
        data-active="false"
        data-testid="tocItem"
      >
        <a
          class=""
          href="#writers"
        >
          Writers
        </a>
      </li>
      <li
        class="flex pl-6 h-6 border-l-4 my-2 first:mt-0 last:mb-0 transition-colors hover:border-napari-primary border-transparent"
        data-active="false"
        data-testid="tocItem"
      >
        <a
          class=""
          href="#readers"
        >
          Readers
        </a>
      </li>
      <li
        class="flex pl-6 h-6 border-l-4 my-2 first:mt-0 last:mb-0 transition-colors hover:border-napari-primary border-transparent"
        data-active="false"
        data-testid="tocItem"
      >
        <a
          class=""
          href="#zmeta"
        >
          .zmeta
        </a>
      </li>
      <li
        class="flex pl-6 h-6 border-l-4 my-2 first:mt-0 last:mb-0 transition-colors hover:border-napari-primary border-transparent"
        data-active="false"
        data-testid="tocItem"
      >
        <a
          class=""
          href="#installation"
        >
          Installation
        </a>
      </li>
      <li
        class="flex pl-6 h-6 border-l-4 my-2 first:mt-0 last:mb-0 transition-colors hover:border-napari-primary border-transparent"
        data-active="false"
        data-testid="tocItem"
      >
        <a
          class=""
          href="#contributing"
        >
          Contributing
        </a>
      </li>
      <li
        class="flex pl-6 h-6 border-l-4 my-2 first:mt-0 last:mb-0 transition-colors hover:border-napari-primary border-transparent"
        data-active="false"
        data-testid="tocItem"
      >
        <a
          class=""
          href="#license"
        >
          License
        </a>
      </li>
      <li
        class="flex pl-6 h-6 border-l-4 my-2 first:mt-0 last:mb-0 transition-colors hover:border-napari-primary border-black"
        data-active="true"
        data-testid="tocItem"
      >
        <a
          class="font-bold"
          href="#issues"
        >
          Issues
        </a>
      </li>
    </ul>
  </div>
</div>
`;
