// Jest Snapshot v1, https://goo.gl/fbAQLP

exports[`<AppBar /> should match snapshot 1`] = `
<DocumentFragment>
  <div
    class="fixed top-0 right-0 flex flex-row items-start z-40 w-9/12 h-screen p-6 bg-black"
    data-testid="menu"
    style="transform: translateX(100%) translateZ(0);"
  >
    <ul
      class="flex flex-auto flex-col"
    >
      <li
        class="text-white item"
        data-testid="drawerItem"
      >
        <a
          href="/about"
        >
          About
        </a>
      </li>
      <li
        class="text-white item"
        data-testid="drawerItem"
      >
        <a
          href="/faq"
        >
          FAQ
        </a>
      </li>
    </ul>
    <button
      class="flex"
      data-testid="drawerClose"
      type="button"
    >
      <svg
        fill="none"
        height="18"
        viewBox="0 0 18 18"
        width="18"
        xmlns="http://www.w3.org/2000/svg"
      >
        <path
          d="M1 1L17 17"
          stroke="white"
          stroke-width="2.35294"
        />
        <path
          d="M17 1L1 17"
          stroke="white"
          stroke-width="2.35294"
        />
      </svg>
    </button>
  </div>
  <header
    class="bg-napari-primary h-napari-app-bar justify-center items-center px-6 md:px-12 2xl:p-0 zero:grid-cols-[min-content,1fr] grid justify-center gap-6 md:gap-12 grid-cols-2 screen-875:grid-cols-napari-3 screen-1150:grid-cols-napari-4 screen-1425:grid-cols-napari-5"
  >
    <div
      class="fresnel-container fresnel-greaterThanOrEqual-lg "
    >
      <nav
        class="flex"
      >
        <h1
          class="whitespace-nowrap"
        >
          <a
            href="/"
          >
            napari 
            <strong>
              hub
            </strong>
          </a>
        </h1>
        <div
          class="flex"
        >
          <a
            class="ml-6"
            href="/about"
          >
            About
          </a>
          <a
            class="ml-6"
            href="/faq"
          >
            FAQ
          </a>
        </div>
      </nav>
    </div>
    <div
      class="fresnel-container fresnel-lessThan-lg "
    >
      <nav
        class="flex"
      >
        <h1
          class="whitespace-nowrap"
        >
          <a
            href="/"
          >
            napari 
            <strong>
              hub
            </strong>
          </a>
        </h1>
      </nav>
    </div>
    <div
      class="flex items-center w-full justify-self-end xl:col-span-2 2xl:col-span-3"
    >
      <form
        class="flex flex-auto items-center border-b-2 border-black"
        data-testid="searchBarForm"
      >
        <input
          class="flex flex-auto border-none outline-none bg-transparent w-0"
          data-testid="searchBarInput"
          value=""
        />
        <svg
          class="w-5 h-5"
          fill="none"
          height="16"
          viewBox="0 0 16 16"
          width="16"
          xmlns="http://www.w3.org/2000/svg"
        >
          <path
            d="M8.32004 7.68001L0.746704 15.2533M10.6667 9.60001C13.0134 9.60001 14.9334 7.68001 14.9334 5.33335C14.9334 2.98668 13.0134 1.06668 10.6667 1.06668C8.32004 1.06668 6.40004 2.98668 6.40004 5.33335C6.40004 7.68001 8.32004 9.60001 10.6667 9.60001Z"
            stroke="black"
            stroke-width="2"
          />
        </svg>
      </form>
      <button
        class="ml-6 flex lg:hidden"
        type="button"
      >
        <svg
          fill="none"
          height="16"
          viewBox="0 0 16 16"
          width="16"
          xmlns="http://www.w3.org/2000/svg"
        >
          <path
            d="M16 1H0"
            stroke="black"
            stroke-width="1.98857"
          />
          <path
            d="M16 7.99924H0"
            stroke="black"
            stroke-width="1.98857"
          />
          <path
            d="M16 15H0"
            stroke="black"
            stroke-width="1.98857"
          />
        </svg>
      </button>
    </div>
  </header>
</DocumentFragment>
`;
