// Jest Snapshot v1, https://goo.gl/fbAQLP

exports[`<ColumnLayout /> should match snapshot 1`] = `
<DocumentFragment>
  <div
    class="grid grid-cols-napari-2 justify-center gap-6 md:gap-12 xl:grid-cols-napari-3 2xl:grid-cols-napari-4 3xl:grid-cols-napari-5"
  >
    <div />
    <div />
    <div />
  </div>
</DocumentFragment>
`;
