// Jest Snapshot v1, https://goo.gl/fbAQLP

exports[`<ColumnLayout /> should match snapshot 1`] = `
<DocumentFragment>
  <div
    class="grid grid-cols-1 justify-center gap-6 md:gap-12 2xl:grid-cols-napari-2-col 3xl:grid-cols-napari-3-col"
  >
    <div />
    <div />
    <div />
  </div>
</DocumentFragment>
`;
