// Jest Snapshot v1, https://goo.gl/fbAQLP

exports[`<ColumnLayout /> should match snapshot 1`] = `
<DocumentFragment>
  <div
    class="flex 2xl:grid 2xl:justify-center p-6 md:p-14 2xl:px-0 2xl:gap-14 2xl:grid-cols-napari-2-col 3xl:grid-cols-napari-3-col"
  >
    <div />
    <div />
    <div />
  </div>
</DocumentFragment>
`;
