// Jest Snapshot v1, https://goo.gl/fbAQLP

exports[`<TextHighlighter /> should match snapshot: with highlighting 1`] = `
<DocumentFragment>
  <span>
    <span
      class=""
    >
      hello 
    </span>
    <mark
      class="bg-napari-light "
    >
      world
    </mark>
  </span>
</DocumentFragment>
`;

exports[`<TextHighlighter /> should not render highlighting when disabled: no highlighting 1`] = `
<DocumentFragment>
  hello world
</DocumentFragment>
`;
