// Jest Snapshot v1, https://goo.gl/fbAQLP

exports[`<Layout /> should match snapshot 1`] = `
<DocumentFragment>
  <div
    class="menuDrawer"
    data-testid="menu"
    style="transform: translateX(100%) translateZ(0);"
  >
    <ul>
      <li
        data-testid="drawerItem"
      >
        <a
          href="/about"
        >
          About
        </a>
      </li>
      <li
        data-testid="drawerItem"
      >
        <a
          href="/help"
        >
          Help
        </a>
      </li>
    </ul>
    <button
      data-testid="drawerClose"
      type="button"
    >
      <div
        style="overflow: hidden; box-sizing: border-box; display: inline-block; position: relative; width: 16px; height: 16px;"
      >
        <noscript />
        <img
          alt="Icon for napari search bar"
          decoding="async"
          src="data:image/gif;base64,R0lGODlhAQABAIAAAAAAAP///yH5BAEAAAAALAAAAAABAAEAAAIBRAA7"
          style="position: absolute; top: 0px; left: 0px; bottom: 0px; right: 0px; box-sizing: border-box; padding: 0px; margin: auto; display: block; width: 0px; height: 0px; min-width: 100%; max-width: 100%; min-height: 100%; max-height: 100%;"
        />
      </div>
    </button>
  </div>
  <nav
    class="appBar"
  >
    <header
      class="header"
    >
      <h1>
        <a
          href="/"
        >
          napari 
          <strong>
            hub
          </strong>
        </a>
      </h1>
    </header>
    <div
      class="searchContainer"
    >
      <form
        class="form"
      >
        <input
          class="input"
        />
        <div
          style="overflow: hidden; box-sizing: border-box; display: inline-block; position: relative; width: 14px; height: 14px;"
        >
          <noscript />
          <img
            alt="Icon for napari search bar"
            decoding="async"
            src="data:image/gif;base64,R0lGODlhAQABAIAAAAAAAP///yH5BAEAAAAALAAAAAABAAEAAAIBRAA7"
            style="position: absolute; top: 0px; left: 0px; bottom: 0px; right: 0px; box-sizing: border-box; padding: 0px; margin: auto; display: block; width: 0px; height: 0px; min-width: 100%; max-width: 100%; min-height: 100%; max-height: 100%;"
          />
        </div>
      </form>
      <div
        class="links"
      >
        <a
          href="/about"
        >
          About
        </a>
        <a
          href="/help"
        >
          Help
        </a>
      </div>
      <button
        class="menuButton"
        type="button"
      >
        <div
          style="display: inline-block; max-width: 100%; overflow: hidden; position: relative; box-sizing: border-box; margin: 0px;"
        >
          <div
            style="box-sizing: border-box; display: block; max-width: 100%;"
          >
            <img
              alt=""
              aria-hidden="true"
              role="presentation"
              src="data:image/svg+xml;base64,PHN2ZyB3aWR0aD0iMTYiIGhlaWdodD0iMTYiIHhtbG5zPSJodHRwOi8vd3d3LnczLm9yZy8yMDAwL3N2ZyIgdmVyc2lvbj0iMS4xIi8+"
              style="max-width: 100%; display: block; margin: 0px; padding: 0px;"
            />
          </div>
          <noscript />
          <img
            alt="Menu button icon"
            decoding="async"
            src="data:image/gif;base64,R0lGODlhAQABAIAAAAAAAP///yH5BAEAAAAALAAAAAABAAEAAAIBRAA7"
            style="position: absolute; top: 0px; left: 0px; bottom: 0px; right: 0px; box-sizing: border-box; padding: 0px; margin: auto; display: block; width: 0px; height: 0px; min-width: 100%; max-width: 100%; min-height: 100%; max-height: 100%;"
          />
        </div>
      </button>
    </div>
  </nav>
  <main>
    <h1>
      Hello, World!
    </h1>
  </main>
</DocumentFragment>
`;
