// Jest Snapshot v1, https://goo.gl/fbAQLP

exports[`<SignupForm /> should match snapshot 1`] = `
<DocumentFragment>
  <div
    class="bg-napari-light p-6 xl:px-0 xl:py-12 grid justify-center gap-6 md:gap-12 grid-cols-2 screen-875:grid-cols-napari-3 screen-1150:grid-cols-napari-4 screen-1425:grid-cols-napari-5"
  >
    <div
      class="col-span-2 md:col-span-3 3xl:col-start-2"
    >
      <h3
        class="prose-lg font-semibold mb-4"
      >
        Sign up to receive updates
      </h3>
      <form
        action="https://dev.us5.list-manage.com/subscribe/post?u=79f50c0d0474ff43dffedabda&id=63bf16756e"
        class="grid grid-cols-2 xl:grid-cols-napari-3 gap-y-0.5 md:gap-x-12"
        method="post"
        novalidate=""
        target="_blank"
      >
        <input
          aria-label="email address"
          class="prose-sm bg-transparent focus:outline-none h-10 xl:h-[35px] col-span-2 md:col-span-1 xl:col-span-2 border-b border-black"
          data-testid="emailField"
          name="EMAIL"
          placeholder="email"
          required=""
          type="email"
          value=""
        />
        <span
          class="text-xs align-text-top h-[1.5em] text-napari-error md:row-start-2 col-span-2 md:col-span-1 xl:col-span-2"
          data-testid="emailError"
        />
        <input
          class="prose-sm font-semibold bg-napari-primary h-[35px] col-span-2 md:col-span-1 border-none cursor-pointer"
          data-testid="submitButton"
          name="subscribe"
          type="submit"
          value="Subscribe"
        />
      </form>
    </div>
  </div>
</DocumentFragment>
`;
