// Jest Snapshot v1, https://goo.gl/fbAQLP

exports[`<MenuDrawer /> should match snapshot 1`] = `
<div
  class="fixed top-0 right-0 flex flex-row items-start z-40 w-9/12 h-screen p-6 bg-black"
  data-testid="menu"
  style="transform: translateX(100%) translateZ(0);"
>
  <ul
    class="flex flex-auto flex-col"
  >
    <li
      class="text-white item"
      data-testid="drawerItem"
    >
      <a
        href="/foo"
      >
        foo
      </a>
    </li>
    <li
      class="text-white item"
      data-testid="drawerItem"
    >
      <a
        href="/bar"
      >
        bar
      </a>
    </li>
  </ul>
  <button
    class="flex"
    data-testid="drawerClose"
    type="button"
  >
    <svg
      fill="none"
      height="18"
      viewBox="0 0 18 18"
      width="18"
      xmlns="http://www.w3.org/2000/svg"
    >
      <path
        d="M1 1L17 17"
        stroke="white"
        stroke-width="2.35294"
      />
      <path
        d="M17 1L1 17"
        stroke="white"
        stroke-width="2.35294"
      />
    </svg>
  </button>
</div>
`;
